
ðŸŒŸ This was machine generated.  Do not edit. ðŸŒŸ

Frame[0] {
    "custom": {
        "resultType": "matrix"
    }
}
Name: go_goroutines{job="prometheus"}
Dimensions: 2 Fields by 3 Rows
+-------------------------------+------------------------------------------------+
| Name: Time                    | Name: Value                                    |
| Labels:                       | Labels: __name__=go_goroutines, job=prometheus |
| Type: []time.Time             | Type: []*float64                               |
+-------------------------------+------------------------------------------------+
| 2022-01-11 08:25:30 +0000 UTC | 21                                             |
| 2022-01-11 08:25:31 +0000 UTC | 32                                             |
| 2022-01-11 08:25:32 +0000 UTC | 43                                             |
+-------------------------------+------------------------------------------------+


====== TEST DATA RESPONSE (arrow base64) ======
FRAME=QVJST1cxAAD/////iAIAABAAAAAAAAoADgAMAAsABAAKAAAAFAAAAAAAAAEDAAoADAAAAAgABAAKAAAACAAAALAAAAADAAAAaAAAACgAAAAEAAAADP7//wgAAAAMAAAAAAAAAAAAAAAFAAAAcmVmSWQAAAAs/v//CAAAACgAAAAfAAAAZ29fZ29yb3V0aW5lc3tqb2I9InByb21ldGhldXMifQAEAAAAbmFtZQAAAABo/v//CAAAACwAAAAiAAAAeyJjdXN0b20iOnsicmVzdWx0VHlwZSI6Im1hdHJpeCJ9fQAABAAAAG1ldGEAAAAAAgAAADQBAAAYAAAAAAASABgAFAATABIADAAAAAgABAASAAAAFAAAAOgAAADoAAAAAAADAegAAAADAAAAfAAAACwAAAAEAAAA8P7//wgAAAAQAAAABQAAAFZhbHVlAAAABAAAAG5hbWUAAAAAFP///wgAAAA4AAAALwAAAHsiX19uYW1lX18iOiJnb19nb3JvdXRpbmVzIiwiam9iIjoicHJvbWV0aGV1cyJ9AAYAAABsYWJlbHMAAGD///8IAAAARAAAADkAAAB7ImRpc3BsYXlOYW1lRnJvbURTIjoiZ29fZ29yb3V0aW5lc3tqb2I9XCJwcm9tZXRoZXVzXCJ9In0AAAAGAAAAY29uZmlnAAAAAAAAiv///wAAAgAFAAAAVmFsdWUAEgAYABQAAAATAAwAAAAIAAQAEgAAABQAAABEAAAATAAAAAAAAApMAAAAAQAAAAwAAAAIAAwACAAEAAgAAAAIAAAAEAAAAAQAAABUaW1lAAAAAAQAAABuYW1lAAAAAAAAAAAAAAYACAAGAAYAAAAAAAMABAAAAFRpbWUAAAAAAAAAAP////+4AAAAFAAAAAAAAAAMABYAFAATAAwABAAMAAAAMAAAAAAAAAAUAAAAAAAAAwMACgAYAAwACAAEAAoAAAAUAAAAWAAAAAMAAAAAAAAAAAAAAAQAAAAAAAAAAAAAAAAAAAAAAAAAAAAAAAAAAAAYAAAAAAAAABgAAAAAAAAAAAAAAAAAAAAYAAAAAAAAABgAAAAAAAAAAAAAAAIAAAADAAAAAAAAAAAAAAAAAAAAAwAAAAAAAAAAAAAAAAAAAABEFRTUKckWAA6wT9QpyRYA2EqL1CnJFgAAAAAAADVAAAAAAAAAQEAAAAAAAIBFQBAAAAAMABQAEgAMAAgABAAMAAAAEAAAACwAAAA4AAAAAAADAAEAAACYAgAAAAAAAMAAAAAAAAAAMAAAAAAAAAAAAAAAAAAAAAAACgAMAAAACAAEAAoAAAAIAAAAsAAAAAMAAABoAAAAKAAAAAQAAAAM/v//CAAAAAwAAAAAAAAAAAAAAAUAAAByZWZJZAAAACz+//8IAAAAKAAAAB8AAABnb19nb3JvdXRpbmVze2pvYj0icHJvbWV0aGV1cyJ9AAQAAABuYW1lAAAAAGj+//8IAAAALAAAACIAAAB7ImN1c3RvbSI6eyJyZXN1bHRUeXBlIjoibWF0cml4In19AAAEAAAAbWV0YQAAAAACAAAANAEAABgAAAAAABIAGAAUABMAEgAMAAAACAAEABIAAAAUAAAA6AAAAOgAAAAAAAMB6AAAAAMAAAB8AAAALAAAAAQAAADw/v//CAAAABAAAAAFAAAAVmFsdWUAAAAEAAAAbmFtZQAAAAAU////CAAAADgAAAAvAAAAeyJfX25hbWVfXyI6ImdvX2dvcm91dGluZXMiLCJqb2IiOiJwcm9tZXRoZXVzIn0ABgAAAGxhYmVscwAAYP///wgAAABEAAAAOQAAAHsiZGlzcGxheU5hbWVGcm9tRFMiOiJnb19nb3JvdXRpbmVze2pvYj1cInByb21ldGhldXNcIn0ifQAAAAYAAABjb25maWcAAAAAAACK////AAACAAUAAABWYWx1ZQASABgAFAAAABMADAAAAAgABAASAAAAFAAAAEQAAABMAAAAAAAACkwAAAABAAAADAAAAAgADAAIAAQACAAAAAgAAAAQAAAABAAAAFRpbWUAAAAABAAAAG5hbWUAAAAAAAAAAAAABgAIAAYABgAAAAAAAwAEAAAAVGltZQAAAACwAgAAQVJST1cx
